app/(dashboard)/inventory/_components/inventory-page-client.tsx(596,65): error TS1382: Unexpected token. Did you mean `{'>'}` or `&gt;`?
